// Jest Snapshot v1, https://goo.gl/fbAQLP

exports[`should render ExpenseListItem correctly 1`] = `
<Link
  className="list-item"
  replace={false}
  to="/expense-edit/2"
>
  <div>
    <h3
      className="list-item__title"
    >
      Rent
    </h3>
    <span
      className="list-item__subtitle"
    >
      Dec 27th, 1969
    </span>
  </div>
  <div>
    <h3
      className="list-item__data"
    >
      $1,095.00
    </h3>
  </div>
</Link>
`;
